<!DOCTYPE html>
<html>
<head>
    <meta charset="utf-8">
    <meta http-equiv="X-UA-Compatible" content="IE=edge">
    <title></title>
    <!-- bundle name="css" -->
    <link rel="stylesheet" href="test/fixtures/css/test.css">
    <!-- /bundle -->
</head>
<body>
    <!-- bundle name="js" -->
    <script src="test/fixtures/js/test.js"></script>
    <!-- /bundle -->
</body>
</html>